Datum;Konto;Betrag;Gegenkonto;Steuerkonto;Mwst;Buchungstext;BelegArt;BelegNr;Kostenstelle
04.06.2015;11564;50.00;1222;;;Überweisung;FD;1248;
04.06.2015;5155;15.00;11564;;;Testinger;FD;1255;222
