Datum;Konto;Betrag;Gegenkonto;Steuerkonto;Mwst;Buchungstext;BelegArt;BelegNr
30.12.2016;5101-900;-2165.79;17904;;0;Ausb.da Vereinsint.Geb./Steuerl.nicht re;FD;152793
