Datum;Buchungstext;Betrag;USt-Code;Betrag USt;Konto Haben;Konto Soll;Kostenrechnungsobjekt 1;Rechnungsnummer;Belegnummer 1;VF_Nr;Notiz
02.09.2020;Storno wegen inkompatibler Änderung im VF: FluggebÃ¼hren;-102.96;2;-4.90;11531;5157;128;20201722;;36662591;
30.06.2020;Fluggebühren;102.96;2;6.74;11531;5157;128;20201722;;36662591;Belegdatum korrigiert für Steuercode 2 mit Satz 7%, im VF: 02.09.2020
