Folgende Buchungen aus Finesse können nicht verarbeitet werden:Fehler;Buchungs-Jahr;Buchungs-Periode;USt-VA-Periode;Buchungs-Journal;Journalnummer;Belegdatum;Konto Soll;Bezeichnung Konto Soll;Konto Haben;Bezeichnung Konto Haben;Steuerkonto;Bezeichnung Steuerkonto;Sammelkonto;Bezeichnung Sammelkonto;Betrag Soll;Betrag Haben;Steuerbetrag Soll;Steuerbetrag Haben;Betrag Sammelkonto Soll;Betrag Sammelkonto Haben;Buchungs-Text;Rechnungsnummer;Beleg 1;Beleg 2;USt-ID-Nummer;Steuercode;Kostenrechnung 1;Kostenrechnung 2;Kostenrechnung 3
Mehrere Buchungen aus Finesse mit einer Dialog-Journalnummer (252) und gleichen Konten;2017;01;01;Dialog;000000252;25.01.2017;000011564;Wer auch immer;000001200;Sparkasse Leverkusen 102002136;000000000;;000001600;Verbindlichkeiten an Mitglieder;160,94;160,94;0,00;0,00;160,94;0,00;ZA-Tost;ER01065;5;0;;;000000000;000000000;000000000
Mehrere Buchungen aus Finesse mit einer Dialog-Journalnummer (252) und gleichen Konten;2017;01;01;Dialog;000000252;25.01.2017;000001200;;000011564;;000000000;;000001600;;160,94;160,94;0,00;0,00;160,94;0,00;Duplikat mit vertauschten Konten;ER01065;5;0;;;000000000;000000000;000000000
