Datum;Buchungstext;Betrag;USt-Code;Betrag USt;Konto Haben;Konto Soll;Kostenrechnungsobjekt 1;Rechnungsnummer;Belegnummer 1;VF_Nr;Notiz
17.01.2021;Landegeb√ºhr;7.50;3;1.03;7076;1020;902;20210050;;37348752;Nach Import Steuersatz korrigieren auf 16%, Netto: 6.47, Brutto: 7.50
