Datum;Konto;Betrag;Gegenkonto;Steuerkonto;Mwst;Buchungstext;BelegArt;BelegNr;Kostenstelle
04.01.2021;10473;12.49;5157;1876;5;Fluggebühren (17.10.2020 15:00-15:10);FD;315;127
