Datum;Buchungstext;Betrag;USt-Code;Betrag USt;Konto Haben;Konto Soll;Kostenrechnungsobjekt 1;Rechnungsnummer;Belegnummer 1;VF_Nr
15.11.2015;Geb√ºhrenabrechnung;0.54;2;0.04;5155;11564;222;20150015;;2421261
