Datum;Konto;Betrag;Gegenkonto;Steuerkonto;Mwst;Buchungstext;BelegArt;BelegNr;Kostenstelle
04.06.2015;5155;15.00;11564;;;Testinger;FD;1255;322
