Datum;Konto;Betrag;Gegenkonto;Steuerkonto;Mwst;Buchungstext;BelegArt;BelegNr;Kostenstelle
18.01.2017;1001;36.42;5555;1599;19;Bauhaus/Batterien Werkstatt;FD;406;700
