Datum;Konto;Betrag;Gegenkonto;Steuerkonto;Mwst;Buchungstext;BelegArt;BelegNr
08.11.2016;11552;5.59;1599;;;Kabel Seminarraum;FD;100727
