Datum;Buchungstext;Betrag;USt-Code;Betrag USt;Konto Haben;Konto Soll;Kostenrechnungsobjekt 1;Rechnungsnummer;Belegnummer 1;VF_Nr;Notiz
18.09.2016;Storno wegen inkompatibler Änderung im VF: Erstattung Winde vom 19.7.16 12:28 für G;-4.40;8;-0.29;11935;5575;218;;;5318480;
18.09.2016;Erstattung Winde vom 19.7.16 12:28 für Gastflug ?GP?;4.40;2;0.29;11935;5575;218;;79;5318480;
