Datum;Buchungstext;Betrag;USt-Code;Betrag USt;Konto Haben;Konto Soll;Kostenrechnungsobjekt 1;Rechnungsnummer;Belegnummer 1;VF_Nr;Notiz
08.04.2016;Storno wegen inkompatibler Änderung im VF: ICAO-Karten 2016 + Fliegertaschenkal. +;-25.92;2;-1.70;8102;12021;;;;3520103;
08.04.2016;ICAO-Karten 2016 + Fliegertaschenkal. + Tapes + Flugbücher;25.92;2;1.70;8101;12021;911;20161359;;3520103;
