Datum;Buchungstext;Betrag;USt-Code;Betrag USt;Konto Haben;Konto Soll;Kostenrechnungsobjekt 1;Rechnungsnummer;Belegnummer 1;VF_Nr
04.03.2015;Storno wegen LÃ¶schung im VF: AVIA Rgn Nr. 4711;-4.40;2;-0.29;5155;11564;;;;2421238
