Datum;Buchungstext;Betrag;USt-Code;Betrag USt;Konto Haben;Konto Soll;Kostenrechnungsobjekt 1;Rechnungsnummer;Belegnummer 1;VF_Nr;Notiz
27.03.2016;Gutschrift Flug;18.27;8;1.20;21551;5570;;;;3619574;
